../Core/Src/main.c:71:5:main	8	static
../Core/Src/main.c:118:6:SystemClock_Config	72	static
../Core/Src/main.c:155:13:MX_TIM2_Init	40	static
../Core/Src/main.c:201:13:MX_USART1_UART_Init	8	static
../Core/Src/main.c:234:13:MX_GPIO_Init	32	static
../Core/Src/main.c:276:6:car	32	static
../Core/Src/main.c:323:6:sendback	536	static
../Core/Src/main.c:368:6:HAL_UART_RxCpltCallback	16	static
../Core/Src/main.c:378:6:HAL_TIM_PeriodElapsedCallback	24	static
../Core/Src/main.c:394:6:Error_Handler	4	static,ignoring_inline_asm
