../Core/Src/main.c:71:5:main	8	static
../Core/Src/main.c:119:6:SystemClock_Config	72	static
../Core/Src/main.c:156:13:MX_TIM2_Init	40	static
../Core/Src/main.c:202:13:MX_USART1_UART_Init	8	static
../Core/Src/main.c:235:13:MX_GPIO_Init	32	static
../Core/Src/main.c:263:6:function	288	static
../Core/Src/main.c:289:6:HAL_UART_RxCpltCallback	16	static
../Core/Src/main.c:304:6:HAL_TIM_PeriodElapsedCallback	16	static
../Core/Src/main.c:312:6:USART1_IRQHandler	16	static
../Core/Src/main.c:328:6:Error_Handler	4	static,ignoring_inline_asm
